🚀 Explorer3 Deployment Script
================================

📋 Checking prerequisites...
[0;32m✅ Java found: openjdk version "21.0.8" 2025-07-15[0m
[0;32m✅ ANDROID_HOME: /root/Android/Sdk[0m
[0;32m✅ Gradle wrapper found[0m

🧹 Cleaning previous builds...

> Configure project :app
WARNING: The option setting 'android.defaults.buildfeatures.buildconfig=true' is deprecated.
The current default is 'false'.
It will be removed in version 9.0 of the Android Gradle plugin.
You can resolve this warning in Android Studio via `Refactor` > `Migrate BuildConfig to Gradle Build Files`

> Task :clean UP-TO-DATE
> Task :app:clean UP-TO-DATE
> Task :core:clean UP-TO-DATE
> Task :components:chartview:clean UP-TO-DATE
> Task :components:icons:clean UP-TO-DATE

BUILD SUCCESSFUL in 3s
5 actionable tasks: 5 up-to-date

🔍 Running lint checks...

> Configure project :app
WARNING: The option setting 'android.defaults.buildfeatures.buildconfig=true' is deprecated.
The current default is 'false'.
It will be removed in version 9.0 of the Android Gradle plugin.
You can resolve this warning in Android Studio via `Refactor` > `Migrate BuildConfig to Gradle Build Files`

> Task :core:preBuild UP-TO-DATE
> Task :core:preDebugBuild UP-TO-DATE
> Task :core:mergeDebugJniLibFolders
> Task :core:mergeDebugNativeLibs NO-SOURCE
> Task :core:stripDebugDebugSymbols NO-SOURCE
> Task :core:checkKotlinGradlePluginConfigurationErrors
> Task :core:copyDebugJniLibsProjectAndLocalJars
> Task :core:generateDebugBuildConfig
> Task :core:generateDebugResValues
> Task :core:generateDebugResources
> Task :core:packageDebugResources
> Task :core:extractDeepLinksForAarDebug
> Task :core:javaPreCompileDebug
> Task :core:mergeDebugShaders
> Task :core:compileDebugShaders NO-SOURCE
> Task :core:generateDebugAssets UP-TO-DATE
> Task :core:packageDebugAssets
> Task :core:prepareDebugArtProfile
> Task :core:prepareLintJarForPublish
> Task :core:parseDebugLocalResources
> Task :core:processDebugManifest
> Task :core:generateDebugRFile
> Task :core:writeDebugAarMetadata
> Task :components:icons:preBuild UP-TO-DATE
> Task :components:icons:preDebugBuild UP-TO-DATE
> Task :components:icons:mergeDebugJniLibFolders
> Task :components:icons:mergeDebugNativeLibs NO-SOURCE
> Task :components:icons:stripDebugDebugSymbols NO-SOURCE
> Task :components:icons:copyDebugJniLibsProjectAndLocalJars
> Task :components:icons:checkKotlinGradlePluginConfigurationErrors
> Task :components:icons:generateDebugBuildConfig
> Task :components:icons:generateDebugResValues
> Task :components:icons:generateDebugResources
> Task :components:icons:packageDebugResources
> Task :components:icons:parseDebugLocalResources
The message received from the daemon indicates that the daemon has disappeared.
Build request sent: Build{id=c182258d-ffc3-4f4e-959b-7968efd3f541, currentDir=/workspace/unstoppable-wallet-android}
Attempting to read last messages from the daemon log...
Daemon pid: 5817
  log file: /root/.gradle/daemon/8.6/daemon-5817.out.log
----- Last  20 lines from daemon log file - daemon-5817.out.log -----
2025-11-04T16:54:09.963+0000 [DEBUG] [org.gradle.launcher.daemon.server.DaemonStateCoordinator] Command execution: started DaemonCommandExecution[command = Build{id=c182258d-ffc3-4f4e-959b-7968efd3f541, currentDir=/workspace/unstoppable-wallet-android}, connection = DefaultDaemonConnection: socket connection from /127.0.0.1:46599 to /127.0.0.1:50298] after 0.0 minutes of idle
2025-11-04T16:54:09.963+0000 [INFO] [org.gradle.launcher.daemon.server.DaemonRegistryUpdater] Marking the daemon as busy, address: [bd24352e-f52e-4903-9b09-da60b6d87da5 port:46599, addresses:[localhost/127.0.0.1]]
2025-11-04T16:54:09.964+0000 [DEBUG] [org.gradle.launcher.daemon.registry.PersistentDaemonRegistry] Marking busy by address: [bd24352e-f52e-4903-9b09-da60b6d87da5 port:46599, addresses:[localhost/127.0.0.1]]
2025-11-04T16:54:09.964+0000 [DEBUG] [org.gradle.cache.internal.DefaultFileLockManager] Waiting to acquire exclusive lock on daemon addresses registry.
2025-11-04T16:54:09.964+0000 [DEBUG] [org.gradle.cache.internal.DefaultFileLockManager] Lock acquired on daemon addresses registry.
2025-11-04T16:54:09.965+0000 [DEBUG] [org.gradle.cache.internal.DefaultFileLockManager] Releasing lock on daemon addresses registry.
2025-11-04T16:54:09.965+0000 [DEBUG] [org.gradle.launcher.daemon.server.DaemonStateCoordinator] resetting idle timer
2025-11-04T16:54:09.965+0000 [INFO] [org.gradle.launcher.daemon.server.exec.StartBuildOrRespondWithBusy] Daemon is about to start building Build{id=c182258d-ffc3-4f4e-959b-7968efd3f541, currentDir=/workspace/unstoppable-wallet-android}. Dispatching build started information...
2025-11-04T16:54:09.965+0000 [DEBUG] [org.gradle.launcher.daemon.server.SynchronizedDispatchConnection] thread 90: dispatching org.gradle.launcher.daemon.protocol.BuildStarted@61104bbf
2025-11-04T16:54:09.966+0000 [DEBUG] [org.gradle.launcher.daemon.server.exec.EstablishBuildEnvironment] Configuring env variables: [PATH, container, LESSCLOSE, FORCE_COLOR, XDG_DATA_DIRS, JAVA_HOME, TERM, LANG, CURSOR_AGENT, ANDROID_HOME, NVM_INC, PWD, NO_COLOR, _, NVM_CD_FLAGS, NVM_DIR, LESSOPEN, OLDPWD, USER, NODE_ENV, LS_COLORS, NVM_BIN, HOME, SHLVL]
2025-11-04T16:54:09.966+0000 [DEBUG] [org.gradle.launcher.daemon.server.exec.LogToClient] About to start relaying all logs to the client via the connection.
2025-11-04T16:54:09.966+0000 [INFO] [org.gradle.launcher.daemon.server.exec.LogToClient] The client will now receive all logging from the daemon (pid: 5817). The daemon log file: /root/.gradle/daemon/8.6/daemon-5817.out.log
2025-11-04T16:54:09.967+0000 [DEBUG] [org.gradle.launcher.daemon.server.DaemonStateCoordinator] daemon is running. Sleeping until state changes.
2025-11-04T16:54:09.972+0000 [INFO] [org.gradle.launcher.daemon.server.exec.LogAndCheckHealth] Starting 5th build in daemon [uptime: 7 mins 34.993 secs, performance: 100%, GC rate: 0.00/s, heap usage: 0% of 8 GiB]
2025-11-04T16:54:09.974+0000 [DEBUG] [org.gradle.launcher.daemon.server.exec.ExecuteBuild] The daemon has started executing the build.
2025-11-04T16:54:09.974+0000 [DEBUG] [org.gradle.launcher.daemon.server.exec.ExecuteBuild] Executing build with daemon context: DefaultDaemonContext[uid=d692cdc2-377f-44bb-8b60-8d6bae642b04,javaHome=/usr/lib/jvm/java-17-openjdk-amd64,daemonRegistryDir=/root/.gradle/daemon,pid=5817,idleTimeout=10800000,priority=NORMAL,applyInstrumentationAgent=true,daemonOpts=--add-opens=java.base/java.util=ALL-UNNAMED,--add-opens=java.base/java.lang=ALL-UNNAMED,--add-opens=java.base/java.lang.invoke=ALL-UNNAMED,--add-opens=java.prefs/java.util.prefs=ALL-UNNAMED,--add-opens=java.base/java.nio.charset=ALL-UNNAMED,--add-opens=java.base/java.net=ALL-UNNAMED,--add-opens=java.base/java.util.concurrent.atomic=ALL-UNNAMED,-Xmx8192M,-Dfile.encoding=UTF-8,-Duser.country,-Duser.language=en,-Duser.variant]
WARNING: The option setting 'android.defaults.buildfeatures.buildconfig=true' is deprecated.
The current default is 'false'.
It will be removed in version 9.0 of the Android Gradle plugin.
You can resolve this warning in Android Studio via `Refactor` > `Migrate BuildConfig to Gradle Build Files`
----- End of the daemon log -----


FAILURE: Build failed with an exception.

* What went wrong:
Gradle build daemon disappeared unexpectedly (it may have been killed or may have crashed)

* Try:
> Run with --stacktrace option to get the stack trace.
> Run with --info or --debug option to get more log output.
> Run with --scan to get full insights.
> Get more help at https://help.gradle.org.
> Task :core:compileDebugKotlin
> Task :components:icons:generateDebugRFile
[1;33m⚠️  Lint warnings found (non-blocking)[0m

🏗️  Building release APK...
Starting a Gradle Daemon, 1 busy Daemon could not be reused, use --status for details

> Configure project :app
WARNING: The option setting 'android.defaults.buildfeatures.buildconfig=true' is deprecated.
The current default is 'false'.
It will be removed in version 9.0 of the Android Gradle plugin.
You can resolve this warning in Android Studio via `Refactor` > `Migrate BuildConfig to Gradle Build Files`

> Task :app:preBuild UP-TO-DATE
> Task :app:preReleaseBuild UP-TO-DATE
> Task :app:mergeReleaseJniLibFolders
> Task :core:preBuild UP-TO-DATE
> Task :core:preReleaseBuild UP-TO-DATE
> Task :core:mergeReleaseJniLibFolders
> Task :core:mergeReleaseNativeLibs NO-SOURCE
> Task :components:chartview:preBuild UP-TO-DATE
> Task :components:chartview:preReleaseBuild UP-TO-DATE
> Task :core:copyReleaseJniLibsProjectOnly
> Task :components:chartview:mergeReleaseJniLibFolders
> Task :components:chartview:mergeReleaseNativeLibs NO-SOURCE
> Task :components:icons:preBuild UP-TO-DATE
> Task :components:icons:preReleaseBuild UP-TO-DATE
> Task :components:chartview:copyReleaseJniLibsProjectOnly
> Task :components:icons:mergeReleaseJniLibFolders
> Task :components:icons:mergeReleaseNativeLibs NO-SOURCE
> Task :components:icons:copyReleaseJniLibsProjectOnly
> Task :core:prepareReleaseArtProfile
> Task :app:mergeReleaseNativeLibs
Starting a Gradle Daemon, 1 stopped Daemon could not be reused, use --status for details

> Configure project :app
WARNING: The option setting 'android.defaults.buildfeatures.buildconfig=true' is deprecated.
The current default is 'false'.
It will be removed in version 9.0 of the Android Gradle plugin.
You can resolve this warning in Android Studio via `Refactor` > `Migrate BuildConfig to Gradle Build Files`

> Task :app:preBuild UP-TO-DATE
> Task :app:preReleaseBuild UP-TO-DATE
> Task :app:mergeReleaseJniLibFolders UP-TO-DATE
> Task :core:preBuild UP-TO-DATE
> Task :core:preReleaseBuild UP-TO-DATE
> Task :core:mergeReleaseJniLibFolders UP-TO-DATE
> Task :core:mergeReleaseNativeLibs NO-SOURCE
> Task :core:copyReleaseJniLibsProjectOnly UP-TO-DATE
> Task :components:chartview:preBuild UP-TO-DATE
> Task :components:chartview:preReleaseBuild UP-TO-DATE
> Task :components:chartview:mergeReleaseJniLibFolders UP-TO-DATE
> Task :components:chartview:mergeReleaseNativeLibs NO-SOURCE
> Task :components:chartview:copyReleaseJniLibsProjectOnly UP-TO-DATE
> Task :components:icons:preBuild UP-TO-DATE
> Task :components:icons:preReleaseBuild UP-TO-DATE
> Task :components:icons:mergeReleaseJniLibFolders UP-TO-DATE
> Task :components:icons:mergeReleaseNativeLibs NO-SOURCE
> Task :components:icons:copyReleaseJniLibsProjectOnly UP-TO-DATE
> Task :app:mergeReleaseNativeLibs
> Task :app:mergeReleaseNativeLibs FAILED

FAILURE: Build failed with an exception.

* What went wrong:
Execution failed for task ':app:mergeReleaseNativeLibs'.
> Could not resolve all files for configuration ':app:releaseRuntimeClasspath'.
   > Could not find com.github.horizontalsystems:bitcoin-kit-android:ced5801.
     Searched in the following locations:
       - https://dl.google.com/dl/android/maven2/com/github/horizontalsystems/bitcoin-kit-android/ced5801/bitcoin-kit-android-ced5801.pom
       - https://repo.maven.apache.org/maven2/com/github/horizontalsystems/bitcoin-kit-android/ced5801/bitcoin-kit-android-ced5801.pom
       - file:/root/.m2/repository/com/github/horizontalsystems/bitcoin-kit-android/ced5801/bitcoin-kit-android-ced5801.pom
       - https://jitpack.io/com/github/horizontalsystems/bitcoin-kit-android/ced5801/bitcoin-kit-android-ced5801.pom
     Required by:
         project :app
   > Could not find com.github.horizontalsystems:ethereum-kit-android:0c770e3.
     Searched in the following locations:
       - https://dl.google.com/dl/android/maven2/com/github/horizontalsystems/ethereum-kit-android/0c770e3/ethereum-kit-android-0c770e3.pom
       - https://repo.maven.apache.org/maven2/com/github/horizontalsystems/ethereum-kit-android/0c770e3/ethereum-kit-android-0c770e3.pom
       - file:/root/.m2/repository/com/github/horizontalsystems/ethereum-kit-android/0c770e3/ethereum-kit-android-0c770e3.pom
       - https://jitpack.io/com/github/horizontalsystems/ethereum-kit-android/0c770e3/ethereum-kit-android-0c770e3.pom
     Required by:
         project :app
   > Could not find com.github.horizontalsystems:tron-kit-android:dc3dca7.
     Searched in the following locations:
       - https://dl.google.com/dl/android/maven2/com/github/horizontalsystems/tron-kit-android/dc3dca7/tron-kit-android-dc3dca7.pom
       - https://repo.maven.apache.org/maven2/com/github/horizontalsystems/tron-kit-android/dc3dca7/tron-kit-android-dc3dca7.pom
       - file:/root/.m2/repository/com/github/horizontalsystems/tron-kit-android/dc3dca7/tron-kit-android-dc3dca7.pom
       - https://jitpack.io/com/github/horizontalsystems/tron-kit-android/dc3dca7/tron-kit-android-dc3dca7.pom
     Required by:
         project :app

* Try:
> Run with --stacktrace option to get the stack trace.
> Run with --info or --debug option to get more log output.
> Run with --scan to get full insights.
> Get more help at https://help.gradle.org.

BUILD FAILED in 1m 12s
8 actionable tasks: 1 executed, 7 up-to-date
Initialized native services in: /root/.gradle/native
Initialized jansi services in: /root/.gradle/native
Received JVM installation metadata from '/usr/lib/jvm/java-21-openjdk-amd64': {JAVA_HOME=/usr/lib/jvm/java-21-openjdk-amd64, JAVA_VERSION=21.0.8, JAVA_VENDOR=Ubuntu, RUNTIME_NAME=OpenJDK Runtime Environment, RUNTIME_VERSION=21.0.8+9-Ubuntu-0ubuntu124.04.1, VM_NAME=OpenJDK 64-Bit Server VM, VM_VERSION=21.0.8+9-Ubuntu-0ubuntu124.04.1, VM_VENDOR=Ubuntu, OS_ARCH=amd64}
The client will now receive all logging from the daemon (pid: 10419). The daemon log file: /root/.gradle/daemon/8.6/daemon-10419.out.log
Starting 3rd build in daemon [uptime: 1 mins 49.75 secs, performance: 100%, GC rate: 0.00/s, heap usage: 0% of 8 GiB]
Using 2 worker leases.
Closing daemon's stdin at end of input.
The daemon will no longer process any standard input.
Not watching /workspace/unstoppable-wallet-android since the file system is not supported
Watching the file system is configured to be enabled if available
File system watching is active
Starting Build
Settings evaluated using settings file '/workspace/unstoppable-wallet-android/settings.gradle'.
Projects loaded. Root project using build file '/workspace/unstoppable-wallet-android/build.gradle'.
Included projects: [root project 'unstoppable-wallet-android', project ':app', project ':components', project ':core', project ':components:chartview', project ':components:icons']

> Configure project :
Evaluating root project 'unstoppable-wallet-android' using build file '/workspace/unstoppable-wallet-android/build.gradle'.
Transforming kotlin-gradle-plugin-model-1.9.23.jar (org.jetbrains.kotlin:kotlin-gradle-plugin-model:1.9.23) with ExternalDependencyInstrumentingArtifactTransform
Transforming gradle-8.4.0.jar (com.android.tools.build:gradle:8.4.0) with ExternalDependencyInstrumentingArtifactTransform
Transforming kotlin-gradle-plugin-api-1.9.23.jar (org.jetbrains.kotlin:kotlin-gradle-plugin-api:1.9.23) with ExternalDependencyInstrumentingArtifactTransform
Transforming kotlin-gradle-plugin-1.9.23-gradle82.jar (org.jetbrains.kotlin:kotlin-gradle-plugin:1.9.23) with ExternalDependencyInstrumentingArtifactTransform
Transforming gradle-settings-api-8.4.0.jar (com.android.tools.build:gradle-settings-api:8.4.0) with ExternalDependencyInstrumentingArtifactTransform
Transforming builder-8.4.0.jar (com.android.tools.build:builder:8.4.0) with ExternalDependencyInstrumentingArtifactTransform
Transforming lint-model-31.4.0.jar (com.android.tools.lint:lint-model:31.4.0) with ExternalDependencyInstrumentingArtifactTransform
Transforming manifest-merger-31.4.0.jar (com.android.tools.build:manifest-merger:31.4.0) with ExternalDependencyInstrumentingArtifactTransform
Transforming sdk-common-31.4.0.jar (com.android.tools:sdk-common:31.4.0) with ExternalDependencyInstrumentingArtifactTransform
Transforming sdklib-31.4.0.jar (com.android.tools:sdklib:31.4.0) with ExternalDependencyInstrumentingArtifactTransform
Transforming repository-31.4.0.jar (com.android.tools:repository:31.4.0) with ExternalDependencyInstrumentingArtifactTransform
Transforming gradle-api-8.4.0.jar (com.android.tools.build:gradle-api:8.4.0) with ExternalDependencyInstrumentingArtifactTransform
Transforming builder-test-api-8.4.0.jar (com.android.tools.build:builder-test-api:8.4.0) with ExternalDependencyInstrumentingArtifactTransform
Transforming ddmlib-31.4.0.jar (com.android.tools.ddms:ddmlib:31.4.0) with ExternalDependencyInstrumentingArtifactTransform
Transforming aaptcompiler-8.4.0.jar (com.android.tools.build:aaptcompiler:8.4.0) with ExternalDependencyInstrumentingArtifactTransform
Transforming bundletool-1.15.6.jar (com.android.tools.build:bundletool:1.15.6) with ExternalDependencyInstrumentingArtifactTransform
Transforming aapt2-proto-8.4.0-11315950.jar (com.android.tools.build:aapt2-proto:8.4.0-11315950) with ExternalDependencyInstrumentingArtifactTransform
Transforming crash-31.4.0.jar (com.android.tools.analytics-library:crash:31.4.0) with ExternalDependencyInstrumentingArtifactTransform
Transforming tracker-31.4.0.jar (com.android.tools.analytics-library:tracker:31.4.0) with ExternalDependencyInstrumentingArtifactTransform
Transforming lint-typedef-remover-31.4.0.jar (com.android.tools.lint:lint-typedef-remover:31.4.0) with ExternalDependencyInstrumentingArtifactTransform
Transforming shared-31.4.0.jar (com.android.tools.analytics-library:shared:31.4.0) with ExternalDependencyInstrumentingArtifactTransform
Transforming databinding-common-8.4.0.jar (androidx.databinding:databinding-common:8.4.0) with ExternalDependencyInstrumentingArtifactTransform
Transforming baseLibrary-8.4.0.jar (com.android.databinding:baseLibrary:8.4.0) with ExternalDependencyInstrumentingArtifactTransform
Transforming databinding-compiler-common-8.4.0.jar (androidx.databinding:databinding-compiler-common:8.4.0) with ExternalDependencyInstrumentingArtifactTransform
Transforming layoutlib-api-31.4.0.jar (com.android.tools.layoutlib:layoutlib-api:31.4.0) with ExternalDependencyInstrumentingArtifactTransform
Transforming android-device-provider-ddmlib-proto-31.4.0.jar (com.android.tools.utp:android-device-provider-ddmlib-proto:31.4.0) with ExternalDependencyInstrumentingArtifactTransform
Transforming android-test-plugin-host-additional-test-output-proto-31.4.0.jar (com.android.tools.utp:android-test-plugin-host-additional-test-output-proto:31.4.0) with ExternalDependencyInstrumentingArtifactTransform
Transforming android-test-plugin-host-coverage-proto-31.4.0.jar (com.android.tools.utp:android-test-plugin-host-coverage-proto:31.4.0) with ExternalDependencyInstrumentingArtifactTransform
Transforming android-device-provider-gradle-proto-31.4.0.jar (com.android.tools.utp:android-device-provider-gradle-proto:31.4.0) with ExternalDependencyInstrumentingArtifactTransform
Transforming android-test-plugin-host-emulator-control-proto-31.4.0.jar (com.android.tools.utp:android-test-plugin-host-emulator-control-proto:31.4.0) with ExternalDependencyInstrumentingArtifactTransform
Transforming android-test-plugin-host-apk-installer-proto-31.4.0.jar (com.android.tools.utp:android-test-plugin-host-apk-installer-proto:31.4.0) with ExternalDependencyInstrumentingArtifactTransform
Transforming android-test-plugin-host-logcat-proto-31.4.0.jar (com.android.tools.utp:android-test-plugin-host-logcat-proto:31.4.0) with ExternalDependencyInstrumentingArtifactTransform
Transforming android-test-plugin-result-listener-gradle-proto-31.4.0.jar (com.android.tools.utp:android-test-plugin-result-listener-gradle-proto:31.4.0) with ExternalDependencyInstrumentingArtifactTransform
Transforming builder-model-8.4.0.jar (com.android.tools.build:builder-model:8.4.0) with ExternalDependencyInstrumentingArtifactTransform
Transforming android-test-plugin-host-retention-proto-31.4.0.jar (com.android.tools.utp:android-test-plugin-host-retention-proto:31.4.0) with ExternalDependencyInstrumentingArtifactTransform
Transforming dvlib-31.4.0.jar (com.android.tools:dvlib:31.4.0) with ExternalDependencyInstrumentingArtifactTransform
Transforming common-31.4.0.jar (com.android.tools:common:31.4.0) with ExternalDependencyInstrumentingArtifactTransform
Transforming jetifier-processor-1.0.0-beta10.jar (com.android.tools.build.jetifier:jetifier-processor:1.0.0-beta10) with ExternalDependencyInstrumentingArtifactTransform
Transforming jetifier-core-1.0.0-beta10.jar (com.android.tools.build.jetifier:jetifier-core:1.0.0-beta10) with ExternalDependencyInstrumentingArtifactTransform
Transforming kotlin-reflect-1.9.20.jar (org.jetbrains.kotlin:kotlin-reflect:1.9.20) with ExternalDependencyInstrumentingArtifactTransform
Transforming kotlin-stdlib-jdk7-1.9.20.jar (org.jetbrains.kotlin:kotlin-stdlib-jdk7:1.9.20) with ExternalDependencyInstrumentingArtifactTransform
Transforming kotlin-stdlib-1.9.20.jar (org.jetbrains.kotlin:kotlin-stdlib:1.9.20) with ExternalDependencyInstrumentingArtifactTransform
Transforming symbol-processing-gradle-plugin-1.9.23-1.0.20.jar (com.google.devtools.ksp:symbol-processing-gradle-plugin:1.9.23-1.0.20) with ExternalDependencyInstrumentingArtifactTransform
Transforming symbol-processing-api-1.9.23-1.0.20.jar (com.google.devtools.ksp:symbol-processing-api:1.9.23-1.0.20) with ExternalDependencyInstrumentingArtifactTransform
Transforming symbol-processing-common-deps-1.9.23-1.0.20.jar (com.google.devtools.ksp:symbol-processing-common-deps:1.9.23-1.0.20) with ExternalDependencyInstrumentingArtifactTransform
Transforming kotlin-stdlib-jdk8-1.9.20.jar (org.jetbrains.kotlin:kotlin-stdlib-jdk8:1.9.20) with ExternalDependencyInstrumentingArtifactTransform
Transforming transform-api-2.0.0-deprecated-use-gradle-api.jar (com.android.tools.build:transform-api:2.0.0-deprecated-use-gradle-api) with ExternalDependencyInstrumentingArtifactTransform
Transforming httpmime-4.5.6.jar (org.apache.httpcomponents:httpmime:4.5.6) with ExternalDependencyInstrumentingArtifactTransform
Transforming commons-io-2.13.0.jar (commons-io:commons-io:2.13.0) with ExternalDependencyInstrumentingArtifactTransform
Transforming asm-commons-9.6.jar (org.ow2.asm:asm-commons:9.6) with ExternalDependencyInstrumentingArtifactTransform
Transforming asm-util-9.6.jar (org.ow2.asm:asm-util:9.6) with ExternalDependencyInstrumentingArtifactTransform
Transforming asm-analysis-9.6.jar (org.ow2.asm:asm-analysis:9.6) with ExternalDependencyInstrumentingArtifactTransform
Transforming asm-tree-9.6.jar (org.ow2.asm:asm-tree:9.6) with ExternalDependencyInstrumentingArtifactTransform
Transforming asm-9.6.jar (org.ow2.asm:asm:9.6) with ExternalDependencyInstrumentingArtifactTransform
Transforming apkzlib-8.4.0.jar (com.android.tools.build:apkzlib:8.4.0) with ExternalDependencyInstrumentingArtifactTransform
Transforming bcpkix-jdk18on-1.77.jar (org.bouncycastle:bcpkix-jdk18on:1.77) with ExternalDependencyInstrumentingArtifactTransform
Transforming jaxb-runtime-2.3.2.jar (org.glassfish.jaxb:jaxb-runtime:2.3.2) with ExternalDependencyInstrumentingArtifactTransform
Transforming jopt-simple-4.9.jar (net.sf.jopt-simple:jopt-simple:4.9) with ExternalDependencyInstrumentingArtifactTransform
Transforming javapoet-1.10.0.jar (com.squareup:javapoet:1.10.0) with ExternalDependencyInstrumentingArtifactTransform
Transforming protobuf-java-util-3.22.3.jar (com.google.protobuf:protobuf-java-util:3.22.3) with ExternalDependencyInstrumentingArtifactTransform
Transforming grpc-protobuf-1.57.0.jar (io.grpc:grpc-protobuf:1.57.0) with ExternalDependencyInstrumentingArtifactTransform
Transforming tink-1.7.0.jar (com.google.crypto.tink:tink:1.7.0) with ExternalDependencyInstrumentingArtifactTransform
Transforming protos-31.4.0.jar (com.android.tools.analytics-library:protos:31.4.0) with ExternalDependencyInstrumentingArtifactTransform
Transforming proto-google-common-protos-2.17.0.jar (com.google.api.grpc:proto-google-common-protos:2.17.0) with ExternalDependencyInstrumentingArtifactTransform
Transforming protobuf-java-3.22.3.jar (com.google.protobuf:protobuf-java:3.22.3) with ExternalDependencyInstrumentingArtifactTransform
Transforming grpc-netty-1.57.0.jar (io.grpc:grpc-netty:1.57.0) with ExternalDependencyInstrumentingArtifactTransform
Transforming grpc-core-1.57.0.jar (io.grpc:grpc-core:1.57.0) with ExternalDependencyInstrumentingArtifactTransform
Transforming gson-2.10.1.jar (com.google.code.gson:gson:2.10.1) with ExternalDependencyInstrumentingArtifactTransform
Transforming grpc-stub-1.57.0.jar (io.grpc:grpc-stub:1.57.0) with ExternalDependencyInstrumentingArtifactTransform
Transforming core-proto-0.0.9-alpha02.jar (com.google.testing.platform:core-proto:0.0.9-alpha02) with ExternalDependencyInstrumentingArtifactTransform
Transforming tensorflow-lite-metadata-0.1.0-rc2.jar (org.tensorflow:tensorflow-lite-metadata:0.1.0-rc2) with ExternalDependencyInstrumentingArtifactTransform
Transforming flatbuffers-java-1.12.0.jar (com.google.flatbuffers:flatbuffers-java:1.12.0) with ExternalDependencyInstrumentingArtifactTransform
Transforming kxml2-2.3.0.jar (net.sf.kxml:kxml2:2.3.0) with ExternalDependencyInstrumentingArtifactTransform
Transforming kotlin-gradle-plugin-idea-proto-1.9.23.jar (org.jetbrains.kotlin:kotlin-gradle-plugin-idea-proto:1.9.23) with ExternalDependencyInstrumentingArtifactTransform
Transforming kotlin-gradle-plugin-idea-1.9.23.jar (org.jetbrains.kotlin:kotlin-gradle-plugin-idea:1.9.23) with ExternalDependencyInstrumentingArtifactTransform
Transforming kotlin-klib-commonizer-api-1.9.23.jar (org.jetbrains.kotlin:kotlin-klib-commonizer-api:1.9.23) with ExternalDependencyInstrumentingArtifactTransform
Transforming kotlin-native-utils-1.9.23.jar (org.jetbrains.kotlin:kotlin-native-utils:1.9.23) with ExternalDependencyInstrumentingArtifactTransform
Transforming kotlin-util-klib-1.9.23.jar (org.jetbrains.kotlin:kotlin-util-klib:1.9.23) with ExternalDependencyInstrumentingArtifactTransform
Transforming kotlin-build-tools-api-1.9.23.jar (org.jetbrains.kotlin:kotlin-build-tools-api:1.9.23) with ExternalDependencyInstrumentingArtifactTransform
Transforming kotlin-android-extensions-1.9.23.jar (org.jetbrains.kotlin:kotlin-android-extensions:1.9.23) with ExternalDependencyInstrumentingArtifactTransform
Transforming kotlin-compiler-runner-1.9.23.jar (org.jetbrains.kotlin:kotlin-compiler-runner:1.9.23) with ExternalDependencyInstrumentingArtifactTransform
Transforming kotlin-compiler-embeddable-1.9.23.jar (org.jetbrains.kotlin:kotlin-compiler-embeddable:1.9.23) with ExternalDependencyInstrumentingArtifactTransform
Transforming kotlin-scripting-compiler-embeddable-1.9.23.jar (org.jetbrains.kotlin:kotlin-scripting-compiler-embeddable:1.9.23) with ExternalDependencyInstrumentingArtifactTransform
Transforming kotlin-scripting-compiler-impl-embeddable-1.9.23.jar (org.jetbrains.kotlin:kotlin-scripting-compiler-impl-embeddable:1.9.23) with ExternalDependencyInstrumentingArtifactTransform
Transforming jimfs-1.1.jar (com.google.jimfs:jimfs:1.1) with ExternalDependencyInstrumentingArtifactTransform
Transforming grpc-context-1.57.0.jar (io.grpc:grpc-context:1.57.0) with ExternalDependencyInstrumentingArtifactTransform
Transforming grpc-protobuf-lite-1.57.0.jar (io.grpc:grpc-protobuf-lite:1.57.0) with ExternalDependencyInstrumentingArtifactTransform
Transforming grpc-api-1.57.0.jar (io.grpc:grpc-api:1.57.0) with ExternalDependencyInstrumentingArtifactTransform
Transforming guava-32.0.1-jre.jar (com.google.guava:guava:32.0.1-jre) with ExternalDependencyInstrumentingArtifactTransform
Transforming dagger-2.28.3.jar (com.google.dagger:dagger:2.28.3) with ExternalDependencyInstrumentingArtifactTransform
Transforming javax.inject-1.jar (javax.inject:javax.inject:1) with ExternalDependencyInstrumentingArtifactTransform
Transforming bcutil-jdk18on-1.77.jar (org.bouncycastle:bcutil-jdk18on:1.77) with ExternalDependencyInstrumentingArtifactTransform
Transforming bcprov-jdk18on-1.77.jar (org.bouncycastle:bcprov-jdk18on:1.77) with ExternalDependencyInstrumentingArtifactTransform
Transforming trove4j-1.0.20200330.jar (org.jetbrains.intellij.deps:trove4j:1.0.20200330) with ExternalDependencyInstrumentingArtifactTransform
Transforming commons-compress-1.21.jar (org.apache.commons:commons-compress:1.21) with ExternalDependencyInstrumentingArtifactTransform
Transforming httpclient-4.5.14.jar (org.apache.httpcomponents:httpclient:4.5.14) with ExternalDependencyInstrumentingArtifactTransform
Transforming httpcore-4.4.16.jar (org.apache.httpcomponents:httpcore:4.4.16) with ExternalDependencyInstrumentingArtifactTransform
Transforming javax.activation-1.2.0.jar (com.sun.activation:javax.activation:1.2.0) with ExternalDependencyInstrumentingArtifactTransform
Transforming annotations-23.0.0.jar (org.jetbrains:annotations:23.0.0) with ExternalDependencyInstrumentingArtifactTransform
Transforming signflinger-8.4.0.jar (com.android:signflinger:8.4.0) with ExternalDependencyInstrumentingArtifactTransform
Transforming zipflinger-8.4.0.jar (com.android:zipflinger:8.4.0) with ExternalDependencyInstrumentingArtifactTransform
Transforming annotations-31.4.0.jar (com.android.tools:annotations:31.4.0) with ExternalDependencyInstrumentingArtifactTransform
Transforming jna-platform-5.6.0.jar (net.java.dev.jna:jna-platform:5.6.0) with ExternalDependencyInstrumentingArtifactTransform
Transforming juniversalchardet-1.0.3.jar (com.googlecode.juniversalchardet:juniversalchardet:1.0.3) with ExternalDependencyInstrumentingArtifactTransform
Transforming javax.annotation-api-1.3.2.jar (javax.annotation:javax.annotation-api:1.3.2) with ExternalDependencyInstrumentingArtifactTransform
Transforming stax-ex-1.8.1.jar (org.jvnet.staxex:stax-ex:1.8.1) with ExternalDependencyInstrumentingArtifactTransform
Transforming jakarta.xml.bind-api-2.3.2.jar (jakarta.xml.bind:jakarta.xml.bind-api:2.3.2) with ExternalDependencyInstrumentingArtifactTransform
Transforming txw2-2.3.2.jar (org.glassfish.jaxb:txw2:2.3.2) with ExternalDependencyInstrumentingArtifactTransform
Transforming FastInfoset-1.2.16.jar (com.sun.xml.fastinfoset:FastInfoset:1.2.16) with ExternalDependencyInstrumentingArtifactTransform
Transforming istack-commons-runtime-3.0.8.jar (com.sun.istack:istack-commons-runtime:3.0.8) with ExternalDependencyInstrumentingArtifactTransform
Transforming jakarta.activation-api-1.2.1.jar (jakarta.activation:jakarta.activation-api:1.2.1) with ExternalDependencyInstrumentingArtifactTransform
Transforming auto-value-annotations-1.6.2.jar (com.google.auto.value:auto-value-annotations:1.6.2) with ExternalDependencyInstrumentingArtifactTransform
Transforming error_prone_annotations-2.18.0.jar (com.google.errorprone:error_prone_annotations:2.18.0) with ExternalDependencyInstrumentingArtifactTransform
Transforming jose4j-0.7.0.jar (org.bitbucket.b_c:jose4j:0.7.0) with ExternalDependencyInstrumentingArtifactTransform
Transforming slf4j-api-1.7.30.jar (org.slf4j:slf4j-api:1.7.30) with ExternalDependencyInstrumentingArtifactTransform
Transforming jdom2-2.0.6.jar (org.jdom:jdom2:2.0.6) with ExternalDependencyInstrumentingArtifactTransform
Transforming jsr305-3.0.2.jar (com.google.code.findbugs:jsr305:3.0.2) with ExternalDependencyInstrumentingArtifactTransform
Transforming j2objc-annotations-2.8.jar (com.google.j2objc:j2objc-annotations:2.8) with ExternalDependencyInstrumentingArtifactTransform
Transforming annotations-4.1.1.4.jar (com.google.android:annotations:4.1.1.4) with ExternalDependencyInstrumentingArtifactTransform
Transforming animal-sniffer-annotations-1.23.jar (org.codehaus.mojo:animal-sniffer-annotations:1.23) with ExternalDependencyInstrumentingArtifactTransform
Transforming perfmark-api-0.26.0.jar (io.perfmark:perfmark-api:0.26.0) with ExternalDependencyInstrumentingArtifactTransform
Transforming netty-codec-http2-4.1.93.Final.jar (io.netty:netty-codec-http2:4.1.93.Final) with ExternalDependencyInstrumentingArtifactTransform
Transforming netty-handler-proxy-4.1.93.Final.jar (io.netty:netty-handler-proxy:4.1.93.Final) with ExternalDependencyInstrumentingArtifactTransform
Transforming netty-codec-http-4.1.93.Final.jar (io.netty:netty-codec-http:4.1.93.Final) with ExternalDependencyInstrumentingArtifactTransform
Transforming netty-handler-4.1.93.Final.jar (io.netty:netty-handler:4.1.93.Final) with ExternalDependencyInstrumentingArtifactTransform
Transforming netty-transport-native-unix-common-4.1.93.Final.jar (io.netty:netty-transport-native-unix-common:4.1.93.Final) with ExternalDependencyInstrumentingArtifactTransform
Transforming checker-qual-3.33.0.jar (org.checkerframework:checker-qual:3.33.0) with ExternalDependencyInstrumentingArtifactTransform
Transforming commons-codec-1.11.jar (commons-codec:commons-codec:1.11) with ExternalDependencyInstrumentingArtifactTransform
Transforming javawriter-2.5.0.jar (com.squareup:javawriter:2.5.0) with ExternalDependencyInstrumentingArtifactTransform
Transforming apksig-8.4.0.jar (com.android.tools.build:apksig:8.4.0) with ExternalDependencyInstrumentingArtifactTransform
Transforming kotlin-project-model-1.9.23.jar (org.jetbrains.kotlin:kotlin-project-model:1.9.23) with ExternalDependencyInstrumentingArtifactTransform
Transforming kotlin-gradle-plugin-annotations-1.9.23.jar (org.jetbrains.kotlin:kotlin-gradle-plugin-annotations:1.9.23) with ExternalDependencyInstrumentingArtifactTransform
Transforming kotlin-tooling-core-1.9.23.jar (org.jetbrains.kotlin:kotlin-tooling-core:1.9.23) with ExternalDependencyInstrumentingArtifactTransform
Transforming kotlin-util-io-1.9.23.jar (org.jetbrains.kotlin:kotlin-util-io:1.9.23) with ExternalDependencyInstrumentingArtifactTransform
Transforming kotlin-daemon-embeddable-1.9.23.jar (org.jetbrains.kotlin:kotlin-daemon-embeddable:1.9.23) with ExternalDependencyInstrumentingArtifactTransform
Transforming kotlin-daemon-client-1.9.23.jar (org.jetbrains.kotlin:kotlin-daemon-client:1.9.23) with ExternalDependencyInstrumentingArtifactTransform
Transforming kotlinx-coroutines-core-jvm-1.5.0.jar (org.jetbrains.kotlinx:kotlinx-coroutines-core-jvm:1.5.0) with ExternalDependencyInstrumentingArtifactTransform
Transforming kotlin-scripting-jvm-1.9.23.jar (org.jetbrains.kotlin:kotlin-scripting-jvm:1.9.23) with ExternalDependencyInstrumentingArtifactTransform
Transforming kotlin-scripting-common-1.9.23.jar (org.jetbrains.kotlin:kotlin-scripting-common:1.9.23) with ExternalDependencyInstrumentingArtifactTransform
Transforming failureaccess-1.0.1.jar (com.google.guava:failureaccess:1.0.1) with ExternalDependencyInstrumentingArtifactTransform
Transforming listenablefuture-9999.0-empty-to-avoid-conflict-with-guava.jar (com.google.guava:listenablefuture:9999.0-empty-to-avoid-conflict-with-guava) with ExternalDependencyInstrumentingArtifactTransform
Transforming commons-logging-1.2.jar (commons-logging:commons-logging:1.2) with ExternalDependencyInstrumentingArtifactTransform
Transforming jna-5.6.0.jar (net.java.dev.jna:jna:5.6.0) with ExternalDependencyInstrumentingArtifactTransform
Transforming netty-codec-socks-4.1.93.Final.jar (io.netty:netty-codec-socks:4.1.93.Final) with ExternalDependencyInstrumentingArtifactTransform
Transforming netty-codec-4.1.93.Final.jar (io.netty:netty-codec:4.1.93.Final) with ExternalDependencyInstrumentingArtifactTransform
Transforming netty-transport-4.1.93.Final.jar (io.netty:netty-transport:4.1.93.Final) with ExternalDependencyInstrumentingArtifactTransform
Transforming netty-buffer-4.1.93.Final.jar (io.netty:netty-buffer:4.1.93.Final) with ExternalDependencyInstrumentingArtifactTransform
Transforming netty-resolver-4.1.93.Final.jar (io.netty:netty-resolver:4.1.93.Final) with ExternalDependencyInstrumentingArtifactTransform
Transforming netty-common-4.1.93.Final.jar (io.netty:netty-common:4.1.93.Final) with ExternalDependencyInstrumentingArtifactTransform

> Configure project :app
Evaluating project ':app' using build file '/workspace/unstoppable-wallet-android/app/build.gradle'.
WARNING: The option setting 'android.defaults.buildfeatures.buildconfig=true' is deprecated.
The current default is 'false'.
It will be removed in version 9.0 of the Android Gradle plugin.
You can resolve this warning in Android Studio via `Refactor` > `Migrate BuildConfig to Gradle Build Files`
Using default execution profile
Using Kotlin Gradle Plugin gradle82 variant

> Configure project :components
Evaluating project ':components' using build file '/workspace/unstoppable-wallet-android/components/build.gradle'.

> Configure project :core
Evaluating project ':core' using build file '/workspace/unstoppable-wallet-android/core/build.gradle'.
Using default execution profile
Using Kotlin Gradle Plugin gradle82 variant

> Configure project :components:chartview
Evaluating project ':components:chartview' using build file '/workspace/unstoppable-wallet-android/components/chartview/build.gradle'.
Using default execution profile
Using Kotlin Gradle Plugin gradle82 variant
